// Jest Snapshot v1, https://goo.gl/fbAQLP

exports[`----- RPSCompWithComp tests ----- renders correctly - header exists 1`] = `undefined`;
