// Jest Snapshot v1, https://goo.gl/fbAQLP

exports[`----- RPSContainer tests ----- renders correctly - header exists 1`] = `
Object {
  "asFragment": [Function],
  "baseElement": <body>
    <div>
      <div
        class="container-fluid"
      >
        <div
          class="row"
          style="text-align: center; padding-top: 50px; padding-bottom: 50px;"
        >
          <h1
            aria-label="Welcome to the game - Rock Paper Scissors!"
          >
            Welcome to the game - Rock Paper Scissors!
          </h1>
        </div>
        <div
          class="row"
          style="text-align: center;"
        >
          <div
            class="col"
          >
            <a
              href="/RPSWithComputer"
              style="text-decoration: none;"
            >
              <button
                aria-label="Play with Computer"
                class="btn"
                style="background-color: rgb(249, 190, 90); width: 300px; height: 100px; text-align: center; text-decoration: none; font-size: 30px; padding: 10px; border-radius: 10px; margin: 10px;"
                type="button"
              >
                Play with Computer
              </button>
            </a>
          </div>
          <div
            class="col"
          >
            <a
              href="/RPSCompWithComp"
              style="text-decoration: none;"
            >
              <button
                aria-label="Comp vs Comp"
                class="btn"
                style="background-color: rgb(65, 192, 180); width: 300px; height: 100px; text-align: center; text-decoration: none; font-size: 30px; padding: 10px; border-radius: 10px; margin: 10px;"
                type="button"
              >
                Comp vs Comp
              </button>
            </a>
          </div>
        </div>
        <div
          class="row"
          style="text-align: center;"
        >
          <div
            class="col"
          >
            <img
              alt="rps"
              area-label="[object Object]"
              src="[object Object]"
            />
          </div>
        </div>
      </div>
    </div>
  </body>,
  "container": <div>
    <div
      class="container-fluid"
    >
      <div
        class="row"
        style="text-align: center; padding-top: 50px; padding-bottom: 50px;"
      >
        <h1
          aria-label="Welcome to the game - Rock Paper Scissors!"
        >
          Welcome to the game - Rock Paper Scissors!
        </h1>
      </div>
      <div
        class="row"
        style="text-align: center;"
      >
        <div
          class="col"
        >
          <a
            href="/RPSWithComputer"
            style="text-decoration: none;"
          >
            <button
              aria-label="Play with Computer"
              class="btn"
              style="background-color: rgb(249, 190, 90); width: 300px; height: 100px; text-align: center; text-decoration: none; font-size: 30px; padding: 10px; border-radius: 10px; margin: 10px;"
              type="button"
            >
              Play with Computer
            </button>
          </a>
        </div>
        <div
          class="col"
        >
          <a
            href="/RPSCompWithComp"
            style="text-decoration: none;"
          >
            <button
              aria-label="Comp vs Comp"
              class="btn"
              style="background-color: rgb(65, 192, 180); width: 300px; height: 100px; text-align: center; text-decoration: none; font-size: 30px; padding: 10px; border-radius: 10px; margin: 10px;"
              type="button"
            >
              Comp vs Comp
            </button>
          </a>
        </div>
      </div>
      <div
        class="row"
        style="text-align: center;"
      >
        <div
          class="col"
        >
          <img
            alt="rps"
            area-label="[object Object]"
            src="[object Object]"
          />
        </div>
      </div>
    </div>
  </div>,
  "debug": [Function],
  "findAllByAltText": [Function],
  "findAllByDisplayValue": [Function],
  "findAllByLabelText": [Function],
  "findAllByPlaceholderText": [Function],
  "findAllByRole": [Function],
  "findAllByTestId": [Function],
  "findAllByText": [Function],
  "findAllByTitle": [Function],
  "findByAltText": [Function],
  "findByDisplayValue": [Function],
  "findByLabelText": [Function],
  "findByPlaceholderText": [Function],
  "findByRole": [Function],
  "findByTestId": [Function],
  "findByText": [Function],
  "findByTitle": [Function],
  "getAllByAltText": [Function],
  "getAllByDisplayValue": [Function],
  "getAllByLabelText": [Function],
  "getAllByPlaceholderText": [Function],
  "getAllByRole": [Function],
  "getAllByTestId": [Function],
  "getAllByText": [Function],
  "getAllByTitle": [Function],
  "getByAltText": [Function],
  "getByDisplayValue": [Function],
  "getByLabelText": [Function],
  "getByPlaceholderText": [Function],
  "getByRole": [Function],
  "getByTestId": [Function],
  "getByText": [Function],
  "getByTitle": [Function],
  "queryAllByAltText": [Function],
  "queryAllByDisplayValue": [Function],
  "queryAllByLabelText": [Function],
  "queryAllByPlaceholderText": [Function],
  "queryAllByRole": [Function],
  "queryAllByTestId": [Function],
  "queryAllByText": [Function],
  "queryAllByTitle": [Function],
  "queryByAltText": [Function],
  "queryByDisplayValue": [Function],
  "queryByLabelText": [Function],
  "queryByPlaceholderText": [Function],
  "queryByRole": [Function],
  "queryByTestId": [Function],
  "queryByText": [Function],
  "queryByTitle": [Function],
  "rerender": [Function],
  "unmount": [Function],
}
`;
