// Jest Snapshot v1, https://goo.gl/fbAQLP

exports[`----- RPSWithComputer tests ----- snapshot test 1`] = `
Object {
  "asFragment": [Function],
  "baseElement": <body>
    <div>
      <div
        class="container"
      >
        <div
          class="container"
        >
          <div
            class="row"
            style="text-align: center; padding-top: 10px; padding-bottom: 10px;"
          >
            <h1>
              Play with Computer
            </h1>
          </div>
          <div
            class="row"
          >
            <div
              class="col"
            >
              <div
                class="row"
                style="align-items: center; text-align: center; border: 1px solid #808080; border-radius: 10px; margin: 10px; padding: 10px;"
              >
                <div
                  class="col"
                >
                  <label
                    role="label"
                    style="font-size: 20px;"
                  >
                    Please select rounds to play 
                  </label>
                </div>
                <div
                  class="col"
                >
                  <div
                    class=" css-b62m3t-container"
                  >
                    <span
                      class="css-1f43avz-a11yText-A11yText"
                      id="react-select-2-live-region"
                    />
                    <span
                      aria-atomic="false"
                      aria-live="polite"
                      aria-relevant="additions text"
                      class="css-1f43avz-a11yText-A11yText"
                    />
                    <div
                      class=" css-1s2u09g-control"
                    >
                      <div
                        class=" css-319lph-ValueContainer"
                      >
                        <div
                          class=" css-14el2xx-placeholder"
                          id="react-select-2-placeholder"
                        >
                          Select...
                        </div>
                        <div
                          class=" css-6j8wv5-Input"
                          data-value=""
                        >
                          <input
                            aria-autocomplete="list"
                            aria-describedby="react-select-2-placeholder"
                            aria-expanded="false"
                            aria-haspopup="true"
                            autocapitalize="none"
                            autocomplete="off"
                            autocorrect="off"
                            class=""
                            id="react-select-2-input"
                            role="combobox"
                            spellcheck="false"
                            style="opacity: 1; width: 100%; grid-area: 1 / 2; min-width: 2px; border: 0px; margin: 0px; outline: 0; padding: 0px;"
                            tabindex="0"
                            type="text"
                            value=""
                          />
                        </div>
                      </div>
                      <div
                        class=" css-1hb7zxy-IndicatorsContainer"
                      >
                        <span
                          class=" css-1okebmr-indicatorSeparator"
                        />
                        <div
                          aria-hidden="true"
                          class=" css-tlfecz-indicatorContainer"
                        >
                          <svg
                            aria-hidden="true"
                            class="css-tj5bde-Svg"
                            focusable="false"
                            height="20"
                            viewBox="0 0 20 20"
                            width="20"
                          >
                            <path
                              d="M4.516 7.548c0.436-0.446 1.043-0.481 1.576 0l3.908 3.747 3.908-3.747c0.533-0.481 1.141-0.446 1.574 0 0.436 0.445 0.408 1.197 0 1.615-0.406 0.418-4.695 4.502-4.695 4.502-0.217 0.223-0.502 0.335-0.787 0.335s-0.57-0.112-0.789-0.335c0 0-4.287-4.084-4.695-4.502s-0.436-1.17 0-1.615z"
                            />
                          </svg>
                        </div>
                      </div>
                    </div>
                  </div>
                </div>
              </div>
            </div>
            <div
              class="col"
            >
              <button
                class="btn"
                style="background-color: rgb(181, 196, 203); height: 50px; text-align: center; text-decoration: none; font-size: 20px; margin: 20px; width: 200px; border-radius: 10px; float: right;"
                type="button"
              >
                Restart
              </button>
            </div>
          </div>
        </div>
        <div
          class="row"
        >
          <div
            class="col"
            style="text-align: center; border: 1px solid #808080; border-radius: 10px; margin: 10px; padding: 10px;"
          >
            <div
              class="row"
              style="min-height: 300px;"
            >
              <div
                class="col"
              >
                <div
                  class="row"
                  style="margin: 5px;"
                >
                   
                  <button
                    class="btn"
                    style="background-color: rgb(51, 255, 189); height: 50px; text-align: center; text-decoration: none; font-size: 20px; margin: 20px; width: 200px; border-radius: 10px;"
                    type="button"
                  >
                    Rock
                  </button>
                </div>
                <div
                  class="row"
                  style="margin: 5px;"
                >
                   
                  <button
                    class="btn"
                    style="background-color: rgb(255, 189, 51); height: 50px; text-align: center; text-decoration: none; font-size: 20px; margin: 20px; width: 200px; border-radius: 10px;"
                    type="button"
                  >
                    Paper
                  </button>
                </div>
                <div
                  class="row"
                  style="margin: 5px;"
                >
                   
                  <button
                    class="btn"
                    style="background-color: rgb(51, 167, 255); height: 50px; text-align: center; text-decoration: none; font-size: 20px; margin: 20px; width: 200px; border-radius: 10px;"
                    type="button"
                  >
                    Scissor
                  </button>
                </div>
              </div>
              <div
                class="col"
              >
                <div
                  class="col"
                >
                   
                  <img
                    alt="User Normal"
                    src="[object Object]"
                  />
                </div>
              </div>
            </div>
          </div>
          <div
            class="col"
            style="text-align: center; border: 1px solid #808080; border-radius: 10px; margin: 10px; padding: 10px;"
          >
            <div
              class="row"
              style="min-height: 300px;"
            >
              <div
                class="col"
              >
                 
                <img
                  alt="Comp"
                  src="[object Object]"
                />
              </div>
            </div>
          </div>
        </div>
      </div>
    </div>
  </body>,
  "container": <div>
    <div
      class="container"
    >
      <div
        class="container"
      >
        <div
          class="row"
          style="text-align: center; padding-top: 10px; padding-bottom: 10px;"
        >
          <h1>
            Play with Computer
          </h1>
        </div>
        <div
          class="row"
        >
          <div
            class="col"
          >
            <div
              class="row"
              style="align-items: center; text-align: center; border: 1px solid #808080; border-radius: 10px; margin: 10px; padding: 10px;"
            >
              <div
                class="col"
              >
                <label
                  role="label"
                  style="font-size: 20px;"
                >
                  Please select rounds to play 
                </label>
              </div>
              <div
                class="col"
              >
                <div
                  class=" css-b62m3t-container"
                >
                  <span
                    class="css-1f43avz-a11yText-A11yText"
                    id="react-select-2-live-region"
                  />
                  <span
                    aria-atomic="false"
                    aria-live="polite"
                    aria-relevant="additions text"
                    class="css-1f43avz-a11yText-A11yText"
                  />
                  <div
                    class=" css-1s2u09g-control"
                  >
                    <div
                      class=" css-319lph-ValueContainer"
                    >
                      <div
                        class=" css-14el2xx-placeholder"
                        id="react-select-2-placeholder"
                      >
                        Select...
                      </div>
                      <div
                        class=" css-6j8wv5-Input"
                        data-value=""
                      >
                        <input
                          aria-autocomplete="list"
                          aria-describedby="react-select-2-placeholder"
                          aria-expanded="false"
                          aria-haspopup="true"
                          autocapitalize="none"
                          autocomplete="off"
                          autocorrect="off"
                          class=""
                          id="react-select-2-input"
                          role="combobox"
                          spellcheck="false"
                          style="opacity: 1; width: 100%; grid-area: 1 / 2; min-width: 2px; border: 0px; margin: 0px; outline: 0; padding: 0px;"
                          tabindex="0"
                          type="text"
                          value=""
                        />
                      </div>
                    </div>
                    <div
                      class=" css-1hb7zxy-IndicatorsContainer"
                    >
                      <span
                        class=" css-1okebmr-indicatorSeparator"
                      />
                      <div
                        aria-hidden="true"
                        class=" css-tlfecz-indicatorContainer"
                      >
                        <svg
                          aria-hidden="true"
                          class="css-tj5bde-Svg"
                          focusable="false"
                          height="20"
                          viewBox="0 0 20 20"
                          width="20"
                        >
                          <path
                            d="M4.516 7.548c0.436-0.446 1.043-0.481 1.576 0l3.908 3.747 3.908-3.747c0.533-0.481 1.141-0.446 1.574 0 0.436 0.445 0.408 1.197 0 1.615-0.406 0.418-4.695 4.502-4.695 4.502-0.217 0.223-0.502 0.335-0.787 0.335s-0.57-0.112-0.789-0.335c0 0-4.287-4.084-4.695-4.502s-0.436-1.17 0-1.615z"
                          />
                        </svg>
                      </div>
                    </div>
                  </div>
                </div>
              </div>
            </div>
          </div>
          <div
            class="col"
          >
            <button
              class="btn"
              style="background-color: rgb(181, 196, 203); height: 50px; text-align: center; text-decoration: none; font-size: 20px; margin: 20px; width: 200px; border-radius: 10px; float: right;"
              type="button"
            >
              Restart
            </button>
          </div>
        </div>
      </div>
      <div
        class="row"
      >
        <div
          class="col"
          style="text-align: center; border: 1px solid #808080; border-radius: 10px; margin: 10px; padding: 10px;"
        >
          <div
            class="row"
            style="min-height: 300px;"
          >
            <div
              class="col"
            >
              <div
                class="row"
                style="margin: 5px;"
              >
                 
                <button
                  class="btn"
                  style="background-color: rgb(51, 255, 189); height: 50px; text-align: center; text-decoration: none; font-size: 20px; margin: 20px; width: 200px; border-radius: 10px;"
                  type="button"
                >
                  Rock
                </button>
              </div>
              <div
                class="row"
                style="margin: 5px;"
              >
                 
                <button
                  class="btn"
                  style="background-color: rgb(255, 189, 51); height: 50px; text-align: center; text-decoration: none; font-size: 20px; margin: 20px; width: 200px; border-radius: 10px;"
                  type="button"
                >
                  Paper
                </button>
              </div>
              <div
                class="row"
                style="margin: 5px;"
              >
                 
                <button
                  class="btn"
                  style="background-color: rgb(51, 167, 255); height: 50px; text-align: center; text-decoration: none; font-size: 20px; margin: 20px; width: 200px; border-radius: 10px;"
                  type="button"
                >
                  Scissor
                </button>
              </div>
            </div>
            <div
              class="col"
            >
              <div
                class="col"
              >
                 
                <img
                  alt="User Normal"
                  src="[object Object]"
                />
              </div>
            </div>
          </div>
        </div>
        <div
          class="col"
          style="text-align: center; border: 1px solid #808080; border-radius: 10px; margin: 10px; padding: 10px;"
        >
          <div
            class="row"
            style="min-height: 300px;"
          >
            <div
              class="col"
            >
               
              <img
                alt="Comp"
                src="[object Object]"
              />
            </div>
          </div>
        </div>
      </div>
    </div>
  </div>,
  "debug": [Function],
  "findAllByAltText": [Function],
  "findAllByDisplayValue": [Function],
  "findAllByLabelText": [Function],
  "findAllByPlaceholderText": [Function],
  "findAllByRole": [Function],
  "findAllByTestId": [Function],
  "findAllByText": [Function],
  "findAllByTitle": [Function],
  "findByAltText": [Function],
  "findByDisplayValue": [Function],
  "findByLabelText": [Function],
  "findByPlaceholderText": [Function],
  "findByRole": [Function],
  "findByTestId": [Function],
  "findByText": [Function],
  "findByTitle": [Function],
  "getAllByAltText": [Function],
  "getAllByDisplayValue": [Function],
  "getAllByLabelText": [Function],
  "getAllByPlaceholderText": [Function],
  "getAllByRole": [Function],
  "getAllByTestId": [Function],
  "getAllByText": [Function],
  "getAllByTitle": [Function],
  "getByAltText": [Function],
  "getByDisplayValue": [Function],
  "getByLabelText": [Function],
  "getByPlaceholderText": [Function],
  "getByRole": [Function],
  "getByTestId": [Function],
  "getByText": [Function],
  "getByTitle": [Function],
  "queryAllByAltText": [Function],
  "queryAllByDisplayValue": [Function],
  "queryAllByLabelText": [Function],
  "queryAllByPlaceholderText": [Function],
  "queryAllByRole": [Function],
  "queryAllByTestId": [Function],
  "queryAllByText": [Function],
  "queryAllByTitle": [Function],
  "queryByAltText": [Function],
  "queryByDisplayValue": [Function],
  "queryByLabelText": [Function],
  "queryByPlaceholderText": [Function],
  "queryByRole": [Function],
  "queryByTestId": [Function],
  "queryByText": [Function],
  "queryByTitle": [Function],
  "rerender": [Function],
  "unmount": [Function],
}
`;
